124068
0
0
0
0
0
0
0
0
251939
0
702230
120972
357708
0
73644
0
0
0
0
0
0
0
0
0
0
0
30787
0
119383
