0
31522
98847
0
59383
0
0
0
0
0
0
137920
91938
0
0
396791
138954
0
409054
0
3002205
0
0
241682
69896
71473
0
0
147499
0
0
371199
0
108184
0
59858
0
0
0
41850
0
195680
0
0
0
55598
0
241682
0
0
138756
0
0
0
0
0
136420
0
0
0
0
31522
0
0
110620
0
0
0
31522
0
0
0
564575
0
159806
149442
10343
0
0
0
0
0
0
0
0
0
4591
0
0
0
1392299
0
0
48493
0
0
0
27145
359876
0
0
0
97153
0
48493
1602469
0
0
25703
0
0
172784
0
0
0
0
0
38693
71473
0
167568
0
0
0
0
0
0
235184
0
416615
79253
5427
0
59858
0
0
103599
166528
0
0
135141
11679
0
0
140020
0
90811
0
20672
0
0
0
14810
46936
580576
39693
64302
0
0
0
0
0
0
0
0
0
0
0
32402
0
0
0
195839
0
197353
0
0
0
0
376027
0
169394
0
197404
0
0
90811
0
25940
0
0
0
43545
0
0
0
173835
6671608
0
48493
